2026-09-15 11:39:59.600 | INFO     | src.extract:extract_audio:31 - Extracting audio: /home/likhon/.slk/.prjt/demo_outputs/voice_dub/inputs/two_speakers.mp4 -> /home/likhon/.slk/.prjt/demo_outputs/voice_dub/two_speakers_en_to_es/work/audio.wav
2026-09-15 11:39:59.763 | INFO     | src.extract:extract_audio:49 - Extracted audio: /home/likhon/.slk/.prjt/demo_outputs/voice_dub/two_speakers_en_to_es/work/audio.wav (1.0 MB)
2026-09-15 11:39:59.764 | INFO     | src.pipeline:_timed:91 - [extract] done in 0.2s
2026-09-15 11:40:03.582 | INFO     | src.transcribe:_load_model:28 - Loading faster-whisper model 'small' on cuda (float16)...
2026-09-15 11:40:04.852 | INFO     | src.transcribe:transcribe:51 - Transcribing /home/likhon/.slk/.prjt/demo_outputs/voice_dub/two_speakers_en_to_es/work/audio.wav...
2026-09-15 11:40:08.014 | INFO     | src.transcribe:transcribe:66 - Detected language: en (p=1.00)
2026-09-15 11:40:08.015 | INFO     | src.transcribe:transcribe:67 - Transcribed 80 words.
2026-09-15 11:40:08.015 | INFO     | src.pipeline:_timed:91 - [transcribe] done in 8.2s
2026-09-15 11:40:08.135 | INFO     | src.translate:_load_nllb:61 - Loading NLLB translation model 'facebook/nllb-200-distilled-600M'...
/home/likhon/.slk/.prjt/envs/voice_dub/lib/python3.11/site-packages/transformers/tokenization_utils_base.py:1601: FutureWarning: `clean_up_tokenization_spaces` was not set. It will be set to `True` by default. This behavior will be depracted in transformers v4.45, and will be then set to `False` by default. For more details check this issue: https://github.com/huggingface/transformers/issues/31884
  warnings.warn(
2026-09-15 11:40:12.938 | INFO     | src.translate:_translate_nllb:81 - Translating 1 segment(s) via NLLB (eng_Latn -> spa_Latn)...
2026-09-15 11:40:16.780 | INFO     | src.pipeline:_timed:91 - [translate] done in 8.8s
2026-09-15 11:40:16.795 | INFO     | src.clone_tts:build_speaker_profiles:70 - Reference clip for SPEAKER_00: /home/likhon/.slk/.prjt/demo_outputs/voice_dub/two_speakers_en_to_es/work/speaker_refs/SPEAKER_00.wav (15.0s)
2026-09-15 11:40:16.795 | INFO     | src.pipeline:_timed:91 - [build_speaker_profiles] done in 0.0s
2026-09-15 11:40:27.760 | INFO     | src.clone_tts:_load_xtts:109 - Loading XTTS-v2 ('tts_models/multilingual/multi-dataset/xtts_v2')...
 > tts_models/multilingual/multi-dataset/xtts_v2 is already downloaded.
 > Using model: xtts
/home/likhon/.slk/.prjt/envs/voice_dub/lib/python3.11/site-packages/TTS/tts/layers/xtts/xtts_manager.py:5: FutureWarning: You are using `torch.load` with `weights_only=False` (the current default value), which uses the default pickle module implicitly. It is possible to construct malicious pickle data which will execute arbitrary code during unpickling (See https://github.com/pytorch/pytorch/blob/main/SECURITY.md#untrusted-models for more details). In a future release, the default value for `weights_only` will be flipped to `True`. This limits the functions that could be executed during unpickling. Arbitrary objects will no longer be allowed to be loaded via this mode unless they are explicitly allowlisted by the user via `torch.serialization.add_safe_globals`. We recommend you start setting `weights_only=True` for any use case where you don't have full control of the loaded file. Please open an issue on GitHub for any issues related to this experimental feature.
  self.speakers = torch.load(speaker_file_path)
/home/likhon/.slk/.prjt/envs/voice_dub/lib/python3.11/site-packages/TTS/utils/io.py:54: FutureWarning: You are using `torch.load` with `weights_only=False` (the current default value), which uses the default pickle module implicitly. It is possible to construct malicious pickle data which will execute arbitrary code during unpickling (See https://github.com/pytorch/pytorch/blob/main/SECURITY.md#untrusted-models for more details). In a future release, the default value for `weights_only` will be flipped to `True`. This limits the functions that could be executed during unpickling. Arbitrary objects will no longer be allowed to be loaded via this mode unless they are explicitly allowlisted by the user via `torch.serialization.add_safe_globals`. We recommend you start setting `weights_only=True` for any use case where you don't have full control of the loaded file. Please open an issue on GitHub for any issues related to this experimental feature.
  return torch.load(f, map_location=map_location, **kwargs)
2026-09-15 11:41:31.429 | INFO     | src.clone_tts:_synthesize_xtts:118 - Synthesizing 1 segment(s) via XTTS-v2...
 > Text splitted to sentences.
['Hola.', 'Hola.', 'Oh, hola.', 'No sabía que estuvieras allí.', 'Yo tampoco.', 'Vale, pensé, ya sabes, lo oí profundamente.', 'Esta es Diane en Nueva Jersey.', 'Y soy Sheila en Texas, originalmente de Chicago.', 'Oh, yo soy originalmente de Chicago también.', 'Estoy en Nueva Jersey ahora, sin embargo, no hay mucha diferencia.', 'Al menos, ya sabes, todos me llaman un yankee aquí abajo, así que qué clase de cosa?', 'Oh, no escucho eso en Nueva Jersey ahora.']
The attention mask is not set and cannot be inferred from input because pad token is same as eos token. As a consequence, you may observe unexpected behavior. Please pass your input's `attention_mask` to obtain reliable results.
 > Processing time: 42.50378227233887
 > Real-time factor: 0.9514574255095024
2026-09-15 11:42:14.190 | INFO     | src.pipeline:_timed:91 - [synthesize] done in 117.4s
2026-09-15 11:42:15.042 | WARNING  | src.align:align_segments:95 - seg_0000: residual drift 766ms exceeds tolerance (300ms) even after clamped stretch.
2026-09-15 11:42:15.043 | INFO     | src.align:align_segments:100 - Alignment summary: 0 clean-stretched, 0 re-phrased, 1 accepted drift (avg 766ms over tolerance).
2026-09-15 11:42:15.043 | INFO     | src.pipeline:_timed:91 - [align] done in 0.9s
2026-09-15 11:42:15.062 | INFO     | src.reassemble:reassemble:54 - Reassembled track: 1 segment(s) placed, 0 skipped (no audio).
2026-09-15 11:42:15.065 | INFO     | src.pipeline:_timed:91 - [reassemble] done in 0.0s
2026-09-15 11:42:15.147 | INFO     | src.reassemble:remux_with_video:75 - Re-muxing dubbed audio with original video -> /home/likhon/.slk/.prjt/demo_outputs/voice_dub/two_speakers_en_to_es/dubbed_es.mp4
2026-09-15 11:42:15.812 | INFO     | src.pipeline:_timed:91 - [remux] done in 0.7s
2026-09-15 11:42:15.813 | INFO     | src.pipeline:_log_summary:131 - ============================================================
2026-09-15 11:42:15.813 | INFO     | src.pipeline:_log_summary:132 - Pipeline complete.
2026-09-15 11:42:15.814 | INFO     | src.pipeline:_log_summary:133 -   Input duration:  30.0s
2026-09-15 11:42:15.814 | INFO     | src.pipeline:_log_summary:134 -   Total time:      136.2s
2026-09-15 11:42:15.814 | INFO     | src.pipeline:_log_summary:135 -   Realtime factor: 4.54x
2026-09-15 11:42:15.814 | INFO     | src.pipeline:_log_summary:138 -   - extract                     0.2s
2026-09-15 11:42:15.815 | INFO     | src.pipeline:_log_summary:138 -   - transcribe                  8.2s
2026-09-15 11:42:15.815 | INFO     | src.pipeline:_log_summary:138 -   - translate                   8.8s
2026-09-15 11:42:15.815 | INFO     | src.pipeline:_log_summary:138 -   - build_speaker_profiles      0.0s
2026-09-15 11:42:15.815 | INFO     | src.pipeline:_log_summary:138 -   - synthesize                117.4s
2026-09-15 11:42:15.816 | INFO     | src.pipeline:_log_summary:138 -   - align                       0.9s
2026-09-15 11:42:15.816 | INFO     | src.pipeline:_log_summary:138 -   - reassemble                  0.0s
2026-09-15 11:42:15.816 | INFO     | src.pipeline:_log_summary:138 -   - remux                       0.7s
2026-09-15 11:42:15.816 | INFO     | src.pipeline:_log_summary:139 - ============================================================
{
  "input": "two_speakers.mp4",
  "output": "dubbed_es.mp4",
  "source_lang": "en",
  "target_lang": "es",
  "diarize": false,
  "whisper_model": "small",
  "input_duration_s": 30.0,
  "timings_s": {
    "extract": 0.16,
    "transcribe": 8.16,
    "translate": 8.76,
    "build_speaker_profiles": 0.02,
    "synthesize": 117.39,
    "align": 0.85,
    "reassemble": 0.02,
    "remux": 0.67,
    "total": 136.21
  },
  "realtime_factor": 4.54,
  "speakers": [
    "SPEAKER_00"
  ]
}
2026-09-15 11:42:18.953 | INFO     | src.extract:extract_audio:31 - Extracting audio: /home/likhon/.slk/.prjt/demo_outputs/voice_dub/inputs/two_speakers.mp4 -> /home/likhon/.slk/.prjt/demo_outputs/voice_dub/two_speakers_en_to_de/work/audio.wav
2026-09-15 11:42:19.080 | INFO     | src.extract:extract_audio:49 - Extracted audio: /home/likhon/.slk/.prjt/demo_outputs/voice_dub/two_speakers_en_to_de/work/audio.wav (1.0 MB)
2026-09-15 11:42:19.080 | INFO     | src.pipeline:_timed:91 - [extract] done in 0.1s
2026-09-15 11:42:22.627 | INFO     | src.transcribe:_load_model:28 - Loading faster-whisper model 'small' on cuda (float16)...
2026-09-15 11:42:23.970 | INFO     | src.transcribe:transcribe:51 - Transcribing /home/likhon/.slk/.prjt/demo_outputs/voice_dub/two_speakers_en_to_de/work/audio.wav...
2026-09-15 11:42:27.275 | INFO     | src.transcribe:transcribe:66 - Detected language: en (p=1.00)
2026-09-15 11:42:27.276 | INFO     | src.transcribe:transcribe:67 - Transcribed 80 words.
2026-09-15 11:42:27.276 | INFO     | src.pipeline:_timed:91 - [transcribe] done in 8.1s
2026-09-15 11:42:27.413 | INFO     | src.translate:_load_nllb:61 - Loading NLLB translation model 'facebook/nllb-200-distilled-600M'...
/home/likhon/.slk/.prjt/envs/voice_dub/lib/python3.11/site-packages/transformers/tokenization_utils_base.py:1601: FutureWarning: `clean_up_tokenization_spaces` was not set. It will be set to `True` by default. This behavior will be depracted in transformers v4.45, and will be then set to `False` by default. For more details check this issue: https://github.com/huggingface/transformers/issues/31884
  warnings.warn(
2026-09-15 11:42:32.413 | INFO     | src.translate:_translate_nllb:81 - Translating 1 segment(s) via NLLB (eng_Latn -> deu_Latn)...
2026-09-15 11:42:36.578 | INFO     | src.pipeline:_timed:91 - [translate] done in 9.3s
2026-09-15 11:42:36.595 | INFO     | src.clone_tts:build_speaker_profiles:70 - Reference clip for SPEAKER_00: /home/likhon/.slk/.prjt/demo_outputs/voice_dub/two_speakers_en_to_de/work/speaker_refs/SPEAKER_00.wav (15.0s)
2026-09-15 11:42:36.595 | INFO     | src.pipeline:_timed:91 - [build_speaker_profiles] done in 0.0s
2026-09-15 11:42:47.617 | INFO     | src.clone_tts:_load_xtts:109 - Loading XTTS-v2 ('tts_models/multilingual/multi-dataset/xtts_v2')...
 > tts_models/multilingual/multi-dataset/xtts_v2 is already downloaded.
 > Using model: xtts
/home/likhon/.slk/.prjt/envs/voice_dub/lib/python3.11/site-packages/TTS/tts/layers/xtts/xtts_manager.py:5: FutureWarning: You are using `torch.load` with `weights_only=False` (the current default value), which uses the default pickle module implicitly. It is possible to construct malicious pickle data which will execute arbitrary code during unpickling (See https://github.com/pytorch/pytorch/blob/main/SECURITY.md#untrusted-models for more details). In a future release, the default value for `weights_only` will be flipped to `True`. This limits the functions that could be executed during unpickling. Arbitrary objects will no longer be allowed to be loaded via this mode unless they are explicitly allowlisted by the user via `torch.serialization.add_safe_globals`. We recommend you start setting `weights_only=True` for any use case where you don't have full control of the loaded file. Please open an issue on GitHub for any issues related to this experimental feature.
  self.speakers = torch.load(speaker_file_path)
/home/likhon/.slk/.prjt/envs/voice_dub/lib/python3.11/site-packages/TTS/utils/io.py:54: FutureWarning: You are using `torch.load` with `weights_only=False` (the current default value), which uses the default pickle module implicitly. It is possible to construct malicious pickle data which will execute arbitrary code during unpickling (See https://github.com/pytorch/pytorch/blob/main/SECURITY.md#untrusted-models for more details). In a future release, the default value for `weights_only` will be flipped to `True`. This limits the functions that could be executed during unpickling. Arbitrary objects will no longer be allowed to be loaded via this mode unless they are explicitly allowlisted by the user via `torch.serialization.add_safe_globals`. We recommend you start setting `weights_only=True` for any use case where you don't have full control of the loaded file. Please open an issue on GitHub for any issues related to this experimental feature.
  return torch.load(f, map_location=map_location, **kwargs)
2026-09-15 11:43:52.190 | INFO     | src.clone_tts:_synthesize_xtts:118 - Synthesizing 1 segment(s) via XTTS-v2...
 > Text splitted to sentences.
['Hallo.', 'Hallo.', 'Oh, Hallo.', 'Ich wusste nicht, dass du da warst.', 'Ich wusste es auch nicht.', 'Okay, ich dachte, du weißt schon, ich habe es tief gehört.', 'Das ist Diane aus New Jersey.', 'Und ich bin Sheila aus Texas, ursprünglich aus Chicago.', 'Oh, ich bin ursprünglich auch aus Chicago.', 'Ich bin jetzt in New Jersey, aber es gibt nicht viel Unterschied.', 'Zumindest, weißt du, sie nennen mich alle hier unten einen Yankee, also was für eine Sache?', 'Oh, ich höre das jetzt nicht in New Jersey.']
The attention mask is not set and cannot be inferred from input because pad token is same as eos token. As a consequence, you may observe unexpected behavior. Please pass your input's `attention_mask` to obtain reliable results.
 > Processing time: 50.78632855415344
 > Real-time factor: 0.9491444133264539
2026-09-15 11:44:43.269 | INFO     | src.pipeline:_timed:91 - [synthesize] done in 126.7s
2026-09-15 11:44:43.890 | WARNING  | src.align:align_segments:95 - seg_0000: residual drift 6854ms exceeds tolerance (300ms) even after clamped stretch.
2026-09-15 11:44:43.891 | INFO     | src.align:align_segments:100 - Alignment summary: 0 clean-stretched, 0 re-phrased, 1 accepted drift (avg 6854ms over tolerance).
2026-09-15 11:44:43.891 | INFO     | src.pipeline:_timed:91 - [align] done in 0.6s
2026-09-15 11:44:43.903 | INFO     | src.reassemble:reassemble:54 - Reassembled track: 1 segment(s) placed, 0 skipped (no audio).
2026-09-15 11:44:43.906 | INFO     | src.pipeline:_timed:91 - [reassemble] done in 0.0s
2026-09-15 11:44:43.986 | INFO     | src.reassemble:remux_with_video:75 - Re-muxing dubbed audio with original video -> /home/likhon/.slk/.prjt/demo_outputs/voice_dub/two_speakers_en_to_de/dubbed_de.mp4
2026-09-15 11:44:44.735 | INFO     | src.pipeline:_timed:91 - [remux] done in 0.8s
2026-09-15 11:44:44.736 | INFO     | src.pipeline:_log_summary:131 - ============================================================
2026-09-15 11:44:44.736 | INFO     | src.pipeline:_log_summary:132 - Pipeline complete.
2026-09-15 11:44:44.736 | INFO     | src.pipeline:_log_summary:133 -   Input duration:  30.0s
2026-09-15 11:44:44.736 | INFO     | src.pipeline:_log_summary:134 -   Total time:      145.8s
2026-09-15 11:44:44.736 | INFO     | src.pipeline:_log_summary:135 -   Realtime factor: 4.86x
2026-09-15 11:44:44.737 | INFO     | src.pipeline:_log_summary:138 -   - extract                     0.1s
2026-09-15 11:44:44.737 | INFO     | src.pipeline:_log_summary:138 -   - transcribe                  8.1s
2026-09-15 11:44:44.737 | INFO     | src.pipeline:_log_summary:138 -   - translate                   9.3s
2026-09-15 11:44:44.737 | INFO     | src.pipeline:_log_summary:138 -   - build_speaker_profiles      0.0s
2026-09-15 11:44:44.737 | INFO     | src.pipeline:_log_summary:138 -   - synthesize                126.7s
2026-09-15 11:44:44.737 | INFO     | src.pipeline:_log_summary:138 -   - align                       0.6s
2026-09-15 11:44:44.738 | INFO     | src.pipeline:_log_summary:138 -   - reassemble                  0.0s
2026-09-15 11:44:44.738 | INFO     | src.pipeline:_log_summary:138 -   - remux                       0.8s
2026-09-15 11:44:44.738 | INFO     | src.pipeline:_log_summary:139 - ============================================================
{
  "input": "two_speakers.mp4",
  "output": "dubbed_de.mp4",
  "source_lang": "en",
  "target_lang": "de",
  "diarize": false,
  "whisper_model": "small",
  "input_duration_s": 30.0,
  "timings_s": {
    "extract": 0.13,
    "transcribe": 8.1,
    "translate": 9.3,
    "build_speaker_profiles": 0.02,
    "synthesize": 126.67,
    "align": 0.62,
    "reassemble": 0.01,
    "remux": 0.75,
    "total": 145.78
  },
  "realtime_factor": 4.86,
  "speakers": [
    "SPEAKER_00"
  ]
}
